
> tumbahub@0.1.0 build
> next build

  Γצ▓ Next.js 14.2.35
  - Environments: .env.local

   Creating an optimized production build ...
 Γ£ף Compiled successfully
   Linting and checking validity of types ...
   Collecting page data ...
[FIREBASE-ADMIN] Initializing Firebase Admin SDK...
[FIREBASE-ADMIN] Env var not JSON
[FIREBASE-ADMIN] Γ£ף Service account from file
[FIREBASE-ADMIN] Initializing Firebase Admin SDK...
[FIREBASE-ADMIN] Env var not JSON
[FIREBASE-ADMIN] Γ£ף Service account from file
[FIREBASE-ADMIN] Initializing Firebase Admin SDK...
[FIREBASE-ADMIN] Env var not JSON
[FIREBASE-ADMIN] Γ£ף Service account from file
[FIREBASE-ADMIN] Initializing Firebase Admin SDK...
[FIREBASE-ADMIN] Env var not JSON
[FIREBASE-ADMIN] Γ£ף Service account from file
[FIREBASE-ADMIN] Initializing Firebase Admin SDK...
[FIREBASE-ADMIN] Env var not JSON
[FIREBASE-ADMIN] Γ£ף Service account from file
[FIREBASE-ADMIN] Γ£ף Firebase initialized successfully
[FIREBASE-ADMIN] Γ£ף Firebase initialized successfully
[FIREBASE-ADMIN] Γ£ף Firebase initialized successfully
[FIREBASE-ADMIN] Γ£ף Firebase initialized successfully
[FIREBASE-ADMIN] Γ£ף Firebase initialized successfully
   Generating static pages (0/14) ...
   Generating static pages (3/14) 
   Generating static pages (6/14) 
   Generating static pages (10/14) 
 Γ£ף Generating static pages (14/14)
   Finalizing page optimization ...
   Collecting build traces ...

Route (app)                              Size     First Load JS
Γפל Γקכ /                                    2.02 kB         107 kB
Γפ£ Γקכ /_not-found                          873 B          88.2 kB
Γפ£ Γקכ /admin                               2.86 kB        90.2 kB
Γפ£ Γקכ /album                               609 B          87.9 kB
Γפ£ ╞ע /api/admin/manage-coins              0 B                0 B
Γפ£ ╞ע /api/auth/[...nextauth]              0 B                0 B
Γפ£ ╞ע /api/auth/logout                     0 B                0 B
Γפ£ ╞ע /api/auth/signup                     0 B                0 B
Γפ£ ╞ע /api/bets                            0 B                0 B
Γפ£ ╞ע /api/bets/end                        0 B                0 B
Γפ£ ╞ע /api/bets/vote                       0 B                0 B
Γפ£ ╞ע /api/health                          0 B                0 B
Γפ£ ╞ע /api/notifications                   0 B                0 B
Γפ£ ╞ע /api/notifications/delete            0 B                0 B
Γפ£ ╞ע /api/notifications/mark-read         0 B                0 B
Γפ£ ╞ע /api/shop/items                      0 B                0 B
Γפ£ ╞ע /api/shop/purchase                   0 B                0 B
Γפ£ ╞ע /api/transactions                    0 B                0 B
Γפ£ ╞ע /api/users                           0 B                0 B
Γפ£ ╞ע /api/users/all                       0 B                0 B
Γפ£ ╞ע /api/users/me                        0 B                0 B
Γפ£ Γקכ /auth/login                          1.58 kB         102 kB
Γפ£ Γקכ /auth/signup                         1.38 kB        97.4 kB
Γפ£ Γקכ /bets                                2.69 kB         103 kB
Γפ£ Γקכ /bets/history                        1.67 kB         102 kB
Γפ£ Γקכ /leaderboard                         1.45 kB        94.1 kB
Γפ£ Γקכ /profile                             4.3 kB          101 kB
Γפ£ Γקכ /shop                                1.59 kB        88.9 kB
Γפפ Γקכ /transactions                        1.9 kB         93.2 kB
+ First Load JS shared by all            87.3 kB
  Γפ£ chunks/117-69aa0823af4e5ada.js       31.7 kB
  Γפ£ chunks/fd9d1056-0a73e5988bda9cb2.js  53.6 kB
  Γפפ other shared chunks (total)          1.95 kB


╞ע Middleware                             80.1 kB

Γקכ  (Static)   prerendered as static content
╞ע  (Dynamic)  server-rendered on demand

